2026-08-09 15:35:36,194 INFO Using cuda on /home/sreenath/research-space/MR_domain_shift/data/synthetic/mrf_corrected_100k.h5
2026-08-09 15:36:14,314 INFO cuda target=ge algo=irm seed=42 epoch=1 train_loss=0.4282 val_mae=902.132
2026-08-09 15:37:54,574 INFO cuda target=ge algo=irm seed=42 epoch=5 train_loss=0.4878 val_mae=866.656
2026-08-09 15:39:59,599 INFO cuda target=ge algo=irm seed=42 epoch=10 train_loss=0.4885 val_mae=871.947
2026-08-09 15:42:02,925 INFO cuda target=ge algo=irm seed=42 epoch=15 train_loss=0.4884 val_mae=868.090
2026-08-09 15:42:34,462 INFO cuda target=ge algo=irm seed=123 epoch=1 train_loss=0.4580 val_mae=852.201
2026-08-09 15:44:13,844 INFO cuda target=ge algo=irm seed=123 epoch=5 train_loss=0.4866 val_mae=868.358
2026-08-09 15:46:17,919 INFO cuda target=ge algo=irm seed=123 epoch=10 train_loss=0.4882 val_mae=862.134
2026-08-09 15:48:18,789 INFO cuda target=ge algo=irm seed=123 epoch=15 train_loss=0.4883 val_mae=859.553
2026-08-09 15:48:50,313 INFO cuda target=ge algo=irm seed=456 epoch=1 train_loss=0.4314 val_mae=783.973
2026-08-09 15:50:29,846 INFO cuda target=ge algo=irm seed=456 epoch=5 train_loss=0.4873 val_mae=827.570
2026-08-09 15:52:34,520 INFO cuda target=ge algo=irm seed=456 epoch=10 train_loss=0.4883 val_mae=824.585
2026-08-09 15:54:38,041 INFO cuda target=ge algo=irm seed=456 epoch=15 train_loss=0.4885 val_mae=827.037
2026-08-09 15:55:08,954 INFO cuda target=ge algo=vrex seed=42 epoch=1 train_loss=0.2126 val_mae=266.055
2026-08-09 15:56:47,247 INFO cuda target=ge algo=vrex seed=42 epoch=5 train_loss=0.1837 val_mae=244.947
2026-08-09 15:58:48,158 INFO cuda target=ge algo=vrex seed=42 epoch=10 train_loss=0.1685 val_mae=192.659
2026-08-09 16:00:50,762 INFO cuda target=ge algo=vrex seed=42 epoch=15 train_loss=0.1605 val_mae=172.108
2026-08-09 16:01:21,788 INFO cuda target=ge algo=vrex seed=123 epoch=1 train_loss=0.2508 val_mae=345.479
2026-08-09 16:02:56,217 INFO cuda target=ge algo=vrex seed=123 epoch=5 train_loss=0.1840 val_mae=251.999
2026-08-09 16:04:57,412 INFO cuda target=ge algo=vrex seed=123 epoch=10 train_loss=0.1689 val_mae=192.253
2026-08-09 16:06:59,831 INFO cuda target=ge algo=vrex seed=123 epoch=15 train_loss=0.1592 val_mae=170.194
2026-08-09 16:07:30,787 INFO cuda target=ge algo=vrex seed=456 epoch=1 train_loss=0.2252 val_mae=281.034
2026-08-09 16:09:08,718 INFO cuda target=ge algo=vrex seed=456 epoch=5 train_loss=0.1800 val_mae=231.849
2026-08-09 16:11:08,775 INFO cuda target=ge algo=vrex seed=456 epoch=10 train_loss=0.1642 val_mae=179.026
2026-08-09 16:13:11,108 INFO cuda target=ge algo=vrex seed=456 epoch=15 train_loss=0.1570 val_mae=163.901
2026-08-09 16:13:42,671 INFO cuda target=philips algo=irm seed=42 epoch=1 train_loss=0.4053 val_mae=857.593
2026-08-09 16:15:22,910 INFO cuda target=philips algo=irm seed=42 epoch=5 train_loss=0.4845 val_mae=859.378
2026-08-09 16:17:19,252 INFO cuda target=philips algo=irm seed=42 epoch=10 train_loss=0.4858 val_mae=858.650
2026-08-09 16:18:42,949 INFO cuda target=philips algo=irm seed=42 epoch=15 train_loss=0.4859 val_mae=862.577
2026-08-09 16:19:03,999 INFO cuda target=philips algo=irm seed=123 epoch=1 train_loss=0.4530 val_mae=837.705
2026-08-09 16:20:08,035 INFO cuda target=philips algo=irm seed=123 epoch=5 train_loss=0.4852 val_mae=844.506
2026-08-09 16:21:31,711 INFO cuda target=philips algo=irm seed=123 epoch=10 train_loss=0.4857 val_mae=835.134
2026-08-09 16:22:55,731 INFO cuda target=philips algo=irm seed=123 epoch=15 train_loss=0.4858 val_mae=837.625
2026-08-09 16:23:16,901 INFO cuda target=philips algo=irm seed=456 epoch=1 train_loss=0.4179 val_mae=913.387
2026-08-09 16:24:21,006 INFO cuda target=philips algo=irm seed=456 epoch=5 train_loss=0.4855 val_mae=877.972
2026-08-09 16:25:45,102 INFO cuda target=philips algo=irm seed=456 epoch=10 train_loss=0.4859 val_mae=866.452
2026-08-09 16:27:05,888 INFO cuda target=philips algo=irm seed=456 epoch=15 train_loss=0.4864 val_mae=861.521
2026-08-09 16:27:26,569 INFO cuda target=philips algo=vrex seed=42 epoch=1 train_loss=0.2073 val_mae=289.522
2026-08-09 16:28:31,775 INFO cuda target=philips algo=vrex seed=42 epoch=5 train_loss=0.1812 val_mae=229.312
2026-08-09 16:29:53,323 INFO cuda target=philips algo=vrex seed=42 epoch=10 train_loss=0.1683 val_mae=197.690
2026-08-09 16:31:11,618 INFO cuda target=philips algo=vrex seed=42 epoch=15 train_loss=0.1593 val_mae=171.267
2026-08-09 16:31:32,234 INFO cuda target=philips algo=vrex seed=123 epoch=1 train_loss=0.2265 val_mae=323.389
2026-08-09 16:32:37,272 INFO cuda target=philips algo=vrex seed=123 epoch=5 train_loss=0.1838 val_mae=243.224
2026-08-09 16:33:58,579 INFO cuda target=philips algo=vrex seed=123 epoch=10 train_loss=0.1655 val_mae=190.756
2026-08-09 16:35:11,972 INFO cuda target=philips algo=vrex seed=123 epoch=15 train_loss=0.1584 val_mae=167.230
2026-08-09 16:35:31,177 INFO cuda target=philips algo=vrex seed=456 epoch=1 train_loss=0.2177 val_mae=281.637
2026-08-09 16:36:31,505 INFO cuda target=philips algo=vrex seed=456 epoch=5 train_loss=0.1805 val_mae=245.223
2026-08-09 16:37:47,032 INFO cuda target=philips algo=vrex seed=456 epoch=10 train_loss=0.1664 val_mae=190.575
2026-08-09 16:39:02,606 INFO cuda target=philips algo=vrex seed=456 epoch=15 train_loss=0.1593 val_mae=170.869
2026-08-09 16:39:22,434 INFO cuda target=siemens algo=irm seed=42 epoch=1 train_loss=0.4103 val_mae=879.090
2026-08-09 16:40:24,922 INFO cuda target=siemens algo=irm seed=42 epoch=5 train_loss=0.4866 val_mae=896.787
2026-08-09 16:41:40,469 INFO cuda target=siemens algo=irm seed=42 epoch=10 train_loss=0.4873 val_mae=868.972
2026-08-09 16:42:58,654 INFO cuda target=siemens algo=irm seed=42 epoch=15 train_loss=0.4871 val_mae=866.529
2026-08-09 16:43:18,092 INFO cuda target=siemens algo=irm seed=123 epoch=1 train_loss=0.4576 val_mae=879.043
2026-08-09 16:44:20,875 INFO cuda target=siemens algo=irm seed=123 epoch=5 train_loss=0.4853 val_mae=885.031
2026-08-09 16:45:38,768 INFO cuda target=siemens algo=irm seed=123 epoch=10 train_loss=0.4873 val_mae=859.191
2026-08-09 16:46:57,024 INFO cuda target=siemens algo=irm seed=123 epoch=15 train_loss=0.4873 val_mae=867.062
2026-08-09 16:47:16,571 INFO cuda target=siemens algo=irm seed=456 epoch=1 train_loss=0.4419 val_mae=890.625
2026-08-09 16:48:19,009 INFO cuda target=siemens algo=irm seed=456 epoch=5 train_loss=0.4860 val_mae=872.062
2026-08-09 16:49:34,932 INFO cuda target=siemens algo=irm seed=456 epoch=10 train_loss=0.4874 val_mae=866.631
2026-08-09 16:50:52,860 INFO cuda target=siemens algo=irm seed=456 epoch=15 train_loss=0.4873 val_mae=864.606
2026-08-09 16:51:12,212 INFO cuda target=siemens algo=vrex seed=42 epoch=1 train_loss=0.2134 val_mae=285.991
2026-08-09 16:52:12,795 INFO cuda target=siemens algo=vrex seed=42 epoch=5 train_loss=0.1790 val_mae=217.203
2026-08-09 16:53:28,287 INFO cuda target=siemens algo=vrex seed=42 epoch=10 train_loss=0.1666 val_mae=181.199
2026-08-09 16:54:43,722 INFO cuda target=siemens algo=vrex seed=42 epoch=15 train_loss=0.1596 val_mae=170.827
2026-08-09 16:55:02,853 INFO cuda target=siemens algo=vrex seed=123 epoch=1 train_loss=0.2360 val_mae=329.005
2026-08-09 16:56:02,922 INFO cuda target=siemens algo=vrex seed=123 epoch=5 train_loss=0.1797 val_mae=214.054
2026-08-09 16:57:16,617 INFO cuda target=siemens algo=vrex seed=123 epoch=10 train_loss=0.1656 val_mae=183.678
2026-08-09 16:58:32,091 INFO cuda target=siemens algo=vrex seed=123 epoch=15 train_loss=0.1571 val_mae=162.953
2026-08-09 16:58:51,476 INFO cuda target=siemens algo=vrex seed=456 epoch=1 train_loss=0.2272 val_mae=384.646
2026-08-09 16:59:52,100 INFO cuda target=siemens algo=vrex seed=456 epoch=5 train_loss=0.1826 val_mae=225.724
2026-08-09 17:01:07,833 INFO cuda target=siemens algo=vrex seed=456 epoch=10 train_loss=0.1675 val_mae=187.658
2026-08-09 17:02:23,445 INFO cuda target=siemens algo=vrex seed=456 epoch=15 train_loss=0.1594 val_mae=171.771
2026-08-09 17:02:40,993 INFO cuda target=ge algo=erm seed=42 epoch=1 train_loss=0.1808 val_mae=186.899
2026-08-09 17:03:32,374 INFO cuda target=ge algo=erm seed=42 epoch=5 train_loss=0.1514 val_mae=156.502
2026-08-09 17:04:38,972 INFO cuda target=ge algo=erm seed=42 epoch=10 train_loss=0.1449 val_mae=136.790
2026-08-09 17:05:45,611 INFO cuda target=ge algo=erm seed=42 epoch=15 train_loss=0.1390 val_mae=135.219
2026-08-09 17:07:17,870 INFO cuda target=ge algo=erm seed=42 epoch=1 train_loss=0.3624 val_mae=795.121
2026-08-09 17:07:22,966 INFO cuda target=ge algo=erm seed=42 epoch=5 train_loss=0.1848 val_mae=581.751
2026-08-09 17:07:29,440 INFO cuda target=ge algo=erm seed=42 epoch=10 train_loss=0.1499 val_mae=424.570
2026-08-09 17:07:35,898 INFO cuda target=ge algo=erm seed=42 epoch=15 train_loss=0.1344 val_mae=336.364
2026-08-09 17:07:42,152 INFO cuda target=ge algo=erm seed=42 epoch=1 train_loss=0.2403 val_mae=576.346
2026-08-09 17:07:50,966 INFO cuda target=ge algo=erm seed=42 epoch=5 train_loss=0.1652 val_mae=231.420
2026-08-09 17:08:02,087 INFO cuda target=ge algo=erm seed=42 epoch=10 train_loss=0.1209 val_mae=220.832
2026-08-09 17:08:13,122 INFO cuda target=ge algo=erm seed=42 epoch=15 train_loss=0.0935 val_mae=198.582
2026-08-09 17:08:20,672 INFO cuda target=ge algo=erm seed=42 epoch=1 train_loss=0.2151 val_mae=451.034
2026-08-09 17:08:34,278 INFO cuda target=ge algo=erm seed=42 epoch=5 train_loss=0.1605 val_mae=190.666
2026-08-09 17:08:51,098 INFO cuda target=ge algo=erm seed=42 epoch=10 train_loss=0.1266 val_mae=178.611
2026-08-09 17:09:07,791 INFO cuda target=ge algo=erm seed=42 epoch=15 train_loss=0.0960 val_mae=169.253
2026-08-09 17:09:18,743 INFO cuda target=ge algo=erm seed=42 epoch=1 train_loss=0.1946 val_mae=263.649
2026-08-09 17:09:45,933 INFO cuda target=ge algo=erm seed=42 epoch=5 train_loss=0.1546 val_mae=163.148
2026-08-09 17:10:19,793 INFO cuda target=ge algo=erm seed=42 epoch=10 train_loss=0.1427 val_mae=156.889
2026-08-09 17:10:53,759 INFO cuda target=ge algo=erm seed=42 epoch=15 train_loss=0.1198 val_mae=148.661
2026-08-09 17:11:11,120 INFO cuda target=ge algo=erm seed=42 epoch=1 train_loss=0.1808 val_mae=186.899
2026-08-09 17:11:44,505 INFO cuda target=ge algo=erm seed=42 epoch=5 train_loss=0.1514 val_mae=156.502
2026-08-09 17:12:16,879 INFO cuda target=ge algo=erm seed=42 epoch=10 train_loss=0.1449 val_mae=136.790
2026-08-09 17:12:49,084 INFO cuda target=ge algo=erm seed=42 epoch=15 train_loss=0.1390 val_mae=135.219
2026-08-09 17:12:50,868 INFO Saved corrected results to /home/sreenath/research-space/MR_domain_shift/results/corrected_benchmark.json
2026-08-09 17:12:50,868 INFO All corrected benchmark checks completed
