2026-06-20 21:18:52,211 INFO ============================================================
2026-06-20 21:18:52,211 INFO TASK 1: SAM Baseline (3 seeds)
2026-06-20 21:18:52,211 INFO ============================================================
2026-06-20 21:18:52,211 INFO   SAM seed=42 ...
2026-06-20 21:25:05,346 INFO   seed=42: src=6.6, ph=225.1, ge=247.6, ds3=34.3 (366s)
2026-06-20 21:25:05,346 INFO   SAM seed=123 ...
2026-06-20 21:34:05,265 INFO   seed=123: src=6.4, ph=262.2, ge=259.3, ds3=41.2 (526s)
2026-06-20 21:34:05,265 INFO   SAM seed=456 ...
2026-06-20 21:46:55,135 INFO   seed=456: src=10.9, ph=226.5, ge=239.5, ds3=20.8 (755s)
2026-06-20 21:46:55,135 INFO ============================================================
2026-06-20 21:46:55,135 INFO TASK 2: CKA for Mixup and VREx
2026-06-20 21:46:55,135 INFO ============================================================
2026-06-20 21:46:55,136 INFO   CKA for mixup ...
2026-06-20 21:46:55,136 INFO   mixup seed=42 ...
2026-06-20 21:53:20,021 INFO   seed=42: cka=0.0005
2026-06-20 21:53:20,021 INFO   mixup seed=123 ...
2026-06-20 21:58:34,344 INFO   seed=123: cka=0.0006
2026-06-20 21:58:34,344 INFO   mixup seed=456 ...
2026-06-20 22:01:12,044 INFO   seed=456: cka=0.0004
2026-06-20 22:01:12,044 INFO   CKA for vrex ...
2026-06-20 22:01:12,044 INFO   vrex seed=42 ...
2026-06-20 22:06:12,411 INFO   seed=42: cka=0.0004
2026-06-20 22:06:12,411 INFO   vrex seed=123 ...
2026-06-20 22:12:23,757 INFO   seed=123: cka=0.0003
2026-06-20 22:12:23,758 INFO   vrex seed=456 ...
2026-06-20 22:18:36,408 INFO   seed=456: cka=0.0017
2026-06-20 22:18:36,408 INFO ============================================================
2026-06-20 22:18:36,409 INFO TASK 3: Downstream Impact Analysis
2026-06-20 22:18:36,409 INFO ============================================================
2026-06-20 22:18:36,453 INFO   Source: T1_mae=5.6, T2_mae=1.0 → Dice={'WM': 0.9991126885536823, 'GM': 0.9988657844990548, 'CSF': 1.0}, Acc=0.999
2026-06-20 22:18:36,507 INFO   OOD:    T1_mae=348.9, T2_mae=128.5 → Dice={'WM': 0.4247249565720903, 'GM': 0.5576759450589522, 'CSF': 0.3950668036998972}, Acc=0.472
2026-06-20 22:18:36,547 INFO   Classical: Dice={'WM': 0.580478520935291, 'GM': 0.6809669731018045, 'CSF': 0.5014349073832507}, Acc=0.610
2026-06-20 22:18:36,587 INFO   Hybrid: Dice={'WM': 0.6705261803679403, 'GM': 0.7467239527389903, 'CSF': 0.6588961261570107}, Acc=0.704
2026-06-20 22:18:36,587 INFO ============================================================
2026-06-20 22:18:36,587 INFO ALL FINAL TASKS COMPLETE
2026-06-20 22:18:36,587 INFO ============================================================

--- SAM ---
  seed=42: src=6.6, ph=225.1, ds3=34.3
  seed=123: src=6.4, ph=262.2, ds3=41.2
  seed=456: src=10.9, ph=226.5, ds3=20.8

--- CKA Mixup ---
  seed=42: cka=0.0005
  seed=123: cka=0.0006
  seed=456: cka=0.0004

--- CKA VREx ---
  seed=42: cka=0.0004
  seed=123: cka=0.0003
  seed=456: cka=0.0017

--- Downstream Impact ---
  source: accuracy=0.999, WM Dice=0.999, GM Dice=0.999
  ood_erm: accuracy=0.472, WM Dice=0.425, GM Dice=0.558
  classical: accuracy=0.610, WM Dice=0.580, GM Dice=0.681
  hybrid: accuracy=0.704, WM Dice=0.671, GM Dice=0.747
