2026-06-22 22:54:11,209 INFO ============================================================
2026-06-22 22:54:11,209 INFO EXPERIMENT 1: Joint Perturbations
2026-06-22 22:54:11,209 INFO ============================================================
2026-06-22 22:54:11,209 INFO Training ERM model (seed=42) ...
2026-06-22 23:00:03,376 INFO   Clean MAE: 240.8
2026-06-22 23:00:16,088 INFO   B0_25Hz_only: MAE=328.2, DS3=1.36
2026-06-22 23:00:30,265 INFO   SNR_5_only: MAE=319.1, DS3=1.33
2026-06-22 23:00:42,541 INFO   B1_0.75_only: MAE=240.8, DS3=1.00
2026-06-22 23:00:55,098 INFO   Timing_only: MAE=418.0, DS3=1.74
2026-06-22 23:01:09,547 INFO   B0_25Hz + SNR_5: MAE=344.1, DS3=1.43
2026-06-22 23:01:22,289 INFO   B0_25Hz + B1_0.75: MAE=328.2, DS3=1.36
2026-06-22 23:01:35,450 INFO   B0_25Hz + Timing: MAE=461.4, DS3=1.92
2026-06-22 23:01:50,350 INFO   B0_25Hz + SNR_5 + B1_0.75: MAE=343.7, DS3=1.43
2026-06-22 23:02:05,990 INFO   All_combined: MAE=456.4, DS3=1.90
2026-06-22 23:02:05,990 INFO   Additivity ratio: 0.78 (1.0=perfect additivity)
2026-06-22 23:02:05,990 INFO ============================================================
2026-06-22 23:02:05,990 INFO EXPERIMENT 2: Phase Diagram (Data × B₀)
2026-06-22 23:02:05,990 INFO ============================================================
2026-06-22 23:02:05,990 INFO   Training N=5000 ...
2026-06-22 23:04:20,156 INFO     N=5000, B0=0Hz: MAE=230.7, DS3=1.00
2026-06-22 23:04:32,824 INFO     N=5000, B0=25Hz: MAE=712.9, DS3=3.09
2026-06-22 23:04:45,431 INFO     N=5000, B0=50Hz: MAE=679.7, DS3=2.95
2026-06-22 23:04:57,964 INFO     N=5000, B0=100Hz: MAE=744.6, DS3=3.23
2026-06-22 23:05:10,536 INFO     N=5000, B0=150Hz: MAE=740.2, DS3=3.21
2026-06-22 23:05:10,536 INFO   Training N=10000 ...
2026-06-22 23:09:06,995 INFO     N=10000, B0=0Hz: MAE=238.0, DS3=1.00
2026-06-22 23:09:19,228 INFO     N=10000, B0=25Hz: MAE=600.1, DS3=2.52
2026-06-22 23:09:31,902 INFO     N=10000, B0=50Hz: MAE=684.6, DS3=2.88
2026-06-22 23:09:44,537 INFO     N=10000, B0=100Hz: MAE=781.5, DS3=3.28
2026-06-22 23:09:56,923 INFO     N=10000, B0=150Hz: MAE=613.2, DS3=2.58
2026-06-22 23:09:56,923 INFO   Training N=26659 ...
2026-06-22 23:21:32,827 INFO     N=26659, B0=0Hz: MAE=233.0, DS3=1.00
2026-06-22 23:21:43,018 INFO     N=26659, B0=25Hz: MAE=333.0, DS3=1.43
2026-06-22 23:21:53,224 INFO     N=26659, B0=50Hz: MAE=330.5, DS3=1.42
2026-06-22 23:22:03,426 INFO     N=26659, B0=100Hz: MAE=402.3, DS3=1.73
2026-06-22 23:22:13,646 INFO     N=26659, B0=150Hz: MAE=347.1, DS3=1.49
2026-06-22 23:22:13,647 INFO Saved → results/joint_and_phase.json

--- Joint Perturbations ---
  B0_25Hz_only: DS3=1.36
  SNR_5_only: DS3=1.33
  B1_0.75_only: DS3=1.00
  Timing_only: DS3=1.74
  B0_25Hz + SNR_5: DS3=1.43
  B0_25Hz + B1_0.75: DS3=1.36
  B0_25Hz + Timing: DS3=1.92
  B0_25Hz + SNR_5 + B1_0.75: DS3=1.43
  All_combined: DS3=1.90
  Additivity ratio: 0.78

--- Phase Diagram ---
  N=5000 | B0=0: DS3=1.0 | B0=25: DS3=3.1 | B0=50: DS3=2.9 | B0=100: DS3=3.2 | B0=150: DS3=3.2
  N=10000 | B0=0: DS3=1.0 | B0=25: DS3=2.5 | B0=50: DS3=2.9 | B0=100: DS3=3.3 | B0=150: DS3=2.6
  N=26659 | B0=0: DS3=1.0 | B0=25: DS3=1.4 | B0=50: DS3=1.4 | B0=100: DS3=1.7 | B0=150: DS3=1.5
